---
source: tui/src/chatwidget/tests/exec_flow.rs
expression: normalized_backend_snapshot(terminal.backend())
---
"                                                                                "
"• IMAGE  Generating image                                                       "
"  └ A tiny blue square                                                          "
"                                                                                "
"• Working (0s • esc to interrupt)                                               "
"                                                                                "
"                                                                                "
"› Ask Myra to do anything                                                       "
"                                                                                "
"  gemini-3.6-flash default · /tmp/project                                       "
